error: `foo` is not yet stable as a const fn
  --> $DIR/min_const_fn_libstd_stability.rs:16:25
   |
LL | const fn bar() -> u32 { foo() }
   |                         ^^^^^
   |
   = help: const-stable functions can only call other const-stable functions

error: `foo2` is not yet stable as a const fn
  --> $DIR/min_const_fn_libstd_stability.rs:24:26
   |
LL | const fn bar2() -> u32 { foo2() }
   |                          ^^^^^^
   |
   = help: const-stable functions can only call other const-stable functions

error: const-stable function cannot use `#[feature(const_refs_to_cell)]`
  --> $DIR/min_const_fn_libstd_stability.rs:31:5
   |
LL |     x.get()
   |     ^
   |
help: if it is not part of the public API, make this function unstably const
   |
LL + #[rustc_const_unstable(feature = "...", issue = "...")]
LL | const fn bar3() -> u32 {
   |
help: otherwise `#[rustc_allow_const_fn_unstable]` can be used to bypass stability checks
   |
LL + #[rustc_allow_const_fn_unstable(const_refs_to_cell)]
LL | const fn bar3() -> u32 {
   |

error[E0015]: cannot call non-const fn `Cell::<u32>::get` in constant functions
  --> $DIR/min_const_fn_libstd_stability.rs:31:7
   |
LL |     x.get()
   |       ^^^^^
   |
   = note: calls in constant functions are limited to constant functions, tuple structs and tuple variants

error: `foo2_gated` is not yet stable as a const fn
  --> $DIR/min_const_fn_libstd_stability.rs:43:32
   |
LL | const fn bar2_gated() -> u32 { foo2_gated() }
   |                                ^^^^^^^^^^^^
   |
   = help: const-stable functions can only call other const-stable functions

error: aborting due to 5 previous errors

For more information about this error, try `rustc --explain E0015`.
