error[E0308]: mismatched types
  --> $DIR/const-in-impl-fn-return-type.rs:16:39
   |
LL |     fn func<const N: u32>() -> [(); { () }] {
   |                                       ^^ expected `usize`, found `()`

error: the constant `N` is not of type `usize`
  --> $DIR/const-in-impl-fn-return-type.rs:7:32
   |
LL |     fn func<const N: u32>() -> [(); N];
   |                                ^^^^^^^ expected `usize`, found `u32`

error[E0308]: mismatched types
  --> $DIR/const-in-impl-fn-return-type.rs:7:37
   |
LL |     fn func<const N: u32>() -> [(); N];
   |                                     ^ expected `usize`, found `u32`

error: aborting due to 3 previous errors

For more information about this error, try `rustc --explain E0308`.
