error: pointers cannot be cast to integers during const eval
  --> $DIR/const-extern-fn-min-const-fn.rs:3:48
   |
LL | const extern "C" fn ptr_cast(val: *const u8) { val as usize; }
   |                                                ^^^^^^^^^^^^
   |
   = note: at compile-time, pointers do not have an integer value
   = note: avoiding this restriction via `transmute`, `union`, or raw pointers leads to compile-time undefined behavior

error: aborting due to 1 previous error

