error[E0492]: interior mutable shared borrows of lifetime-extended temporaries in the top-level scope of a static are not allowed
  --> $DIR/refs-to-cell-in-final.rs:13:54
   |
LL | static RAW_SYNC_S: SyncPtr<Cell<i32>> = SyncPtr { x: &Cell::new(42) };
   |                                                      ^^^^^^^^^^^^^^ this borrow of an interior mutable value refers to a lifetime-extended temporary
   |
   = help: to fix this, the value can be extracted to a separate `static` item and then referenced

error[E0492]: interior mutable shared borrows of lifetime-extended temporaries in the top-level scope of a constant are not allowed
  --> $DIR/refs-to-cell-in-final.rs:15:53
   |
LL | const RAW_SYNC_C: SyncPtr<Cell<i32>> = SyncPtr { x: &Cell::new(42) };
   |                                                     ^^^^^^^^^^^^^^ this borrow of an interior mutable value refers to a lifetime-extended temporary

error[E0492]: interior mutable shared borrows of lifetime-extended temporaries in the top-level scope of a constant are not allowed
  --> $DIR/refs-to-cell-in-final.rs:41:57
   |
LL |   const INTERIOR_MUT_VARIANT: &Option<UnsafeCell<bool>> = &{
   |  _________________________________________________________^
LL | |
LL | |     let mut x = None;
LL | |     assert!(x.is_none());
LL | |     x = Some(UnsafeCell::new(false));
LL | |     x
LL | | };
   | |_^ this borrow of an interior mutable value refers to a lifetime-extended temporary

error: aborting due to 3 previous errors

For more information about this error, try `rustc --explain E0492`.
