
running 1 test
test $DIR/failed-doctest-should-panic.rs - Foo (line 9) - should panic ... FAILED

failures:

---- $DIR/failed-doctest-should-panic.rs - Foo (line 9) stdout ----
note: test did not panic as expected

failures:
    $DIR/failed-doctest-should-panic.rs - Foo (line 9)

test result: FAILED. 0 passed; 1 failed; 0 ignored; 0 measured; 0 filtered out; finished in $TIME

