warning: the feature `effects` is incomplete and may not be safe to use and/or cause compiler crashes
  --> $DIR/cross-crate.rs:3:60
   |
LL | #![cfg_attr(any(gated, gatednc), feature(const_trait_impl, effects))]
   |                                                            ^^^^^^^
   |
   = note: see issue #102090 <https://github.com/rust-lang/rust/issues/102090> for more information
   = note: `#[warn(incomplete_features)]` on by default

error[E0277]: the trait bound `Runtime: ~const Compat` is not satisfied
  --> $DIR/cross-crate.rs:18:14
   |
LL |     NonConst.func();
   |              ^^^^ the trait `~const Compat` is not implemented for `Runtime`
   |
   = help: the trait `Compat` is implemented for `Runtime`
note: required by a bound in `func`
  --> $DIR/auxiliary/cross-crate.rs:4:1
   |
LL | #[const_trait]
   | ^^^^^^^^^^^^^^ required by this bound in `MyTrait::func`
...
LL |     fn func(self);
   |        ---- required by a bound in this associated function

error: aborting due to 1 previous error; 1 warning emitted

For more information about this error, try `rustc --explain E0277`.
