error: do not use `rustc_type_ir::inherent` unless you're inside of the trait solver
  --> $DIR/import-of-type-ir-inherent.rs:11:20
   |
LL | use rustc_type_ir::inherent::*;
   |                    ^^^^^^^^
   |
   = note: the method or struct you're looking for is likely defined somewhere else downstream in the compiler
note: the lint level is defined here
  --> $DIR/import-of-type-ir-inherent.rs:7:9
   |
LL | #![deny(rustc::usage_of_type_ir_inherent)]
   |         ^^^^^^^^^^^^^^^^^^^^^^^^^^^^^^^^

error: do not use `rustc_type_ir::inherent` unless you're inside of the trait solver
  --> $DIR/import-of-type-ir-inherent.rs:13:20
   |
LL | use rustc_type_ir::inherent;
   |                    ^^^^^^^^
   |
   = note: the method or struct you're looking for is likely defined somewhere else downstream in the compiler

error: do not use `rustc_type_ir::inherent` unless you're inside of the trait solver
  --> $DIR/import-of-type-ir-inherent.rs:15:20
   |
LL | use rustc_type_ir::inherent::Predicate;
   |                    ^^^^^^^^
   |
   = note: the method or struct you're looking for is likely defined somewhere else downstream in the compiler

error: aborting due to 3 previous errors

