error: expected one of `,` or `>`, found `3`
  --> $DIR/const-expression-suggest-missing-braces.rs:6:17
   |
LL |     foo::<BAR + 3>();
   |                 ^ expected one of `,` or `>`
   |
help: expressions must be enclosed in braces to be used as const generic arguments
   |
LL |     foo::<{ BAR + 3 }>();
   |           +         +

error: expressions must be enclosed in braces to be used as const generic arguments
  --> $DIR/const-expression-suggest-missing-braces.rs:18:11
   |
LL |     foo::<3 + 3>();
   |           ^^^^^
   |
help: enclose the `const` expression in braces
   |
LL |     foo::<{ 3 + 3 }>();
   |           +       +

error: expected one of `,` or `>`, found `-`
  --> $DIR/const-expression-suggest-missing-braces.rs:21:15
   |
LL |     foo::<BAR - 3>();
   |               ^ expected one of `,` or `>`
   |
help: expressions must be enclosed in braces to be used as const generic arguments
   |
LL |     foo::<{ BAR - 3 }>();
   |           +         +

error: expected one of `,` or `>`, found `-`
  --> $DIR/const-expression-suggest-missing-braces.rs:24:15
   |
LL |     foo::<BAR - BAR>();
   |               ^ expected one of `,` or `>`
   |
help: expressions must be enclosed in braces to be used as const generic arguments
   |
LL |     foo::<{ BAR - BAR }>();
   |           +           +

error: expressions must be enclosed in braces to be used as const generic arguments
  --> $DIR/const-expression-suggest-missing-braces.rs:27:11
   |
LL |     foo::<100 - BAR>();
   |           ^^^^^^^^^
   |
help: enclose the `const` expression in braces
   |
LL |     foo::<{ 100 - BAR }>();
   |           +           +

error: expected one of `,` or `>`, found `(`
  --> $DIR/const-expression-suggest-missing-braces.rs:30:19
   |
LL |     foo::<bar<i32>()>();
   |                   ^ expected one of `,` or `>`
   |
help: expressions must be enclosed in braces to be used as const generic arguments
   |
LL |     foo::<{ bar<i32>() }>();
   |           +            +

error: expected one of `,` or `>`, found `(`
  --> $DIR/const-expression-suggest-missing-braces.rs:33:21
   |
LL |     foo::<bar::<i32>()>();
   |                     ^ expected one of `,` or `>`
   |
help: expressions must be enclosed in braces to be used as const generic arguments
   |
LL |     foo::<{ bar::<i32>() }>();
   |           +              +

error: expected one of `,` or `>`, found `(`
  --> $DIR/const-expression-suggest-missing-braces.rs:36:21
   |
LL |     foo::<bar::<i32>() + BAR>();
   |                     ^ expected one of `,` or `>`
   |
help: expressions must be enclosed in braces to be used as const generic arguments
   |
LL |     foo::<{ bar::<i32>() + BAR }>();
   |           +                    +

error: expected one of `,` or `>`, found `(`
  --> $DIR/const-expression-suggest-missing-braces.rs:39:21
   |
LL |     foo::<bar::<i32>() - BAR>();
   |                     ^ expected one of `,` or `>`
   |
help: expressions must be enclosed in braces to be used as const generic arguments
   |
LL |     foo::<{ bar::<i32>() - BAR }>();
   |           +                    +

error: expected one of `,` or `>`, found `-`
  --> $DIR/const-expression-suggest-missing-braces.rs:42:15
   |
LL |     foo::<BAR - bar::<i32>()>();
   |               ^ expected one of `,` or `>`
   |
help: expressions must be enclosed in braces to be used as const generic arguments
   |
LL |     foo::<{ BAR - bar::<i32>() }>();
   |           +                    +

error: expected one of `,` or `>`, found `-`
  --> $DIR/const-expression-suggest-missing-braces.rs:45:15
   |
LL |     foo::<BAR - bar::<i32>()>();
   |               ^ expected one of `,` or `>`
   |
help: expressions must be enclosed in braces to be used as const generic arguments
   |
LL |     foo::<{ BAR - bar::<i32>() }>();
   |           +                    +

error[E0404]: expected trait, found constant `BAR`
  --> $DIR/const-expression-suggest-missing-braces.rs:11:11
   |
LL |     foo::<BAR + BAR>();
   |           ^^^ not a trait

error[E0404]: expected trait, found constant `BAR`
  --> $DIR/const-expression-suggest-missing-braces.rs:11:17
   |
LL |     foo::<BAR + BAR>();
   |                 ^^^ not a trait

error[E0747]: type provided when a constant was expected
  --> $DIR/const-expression-suggest-missing-braces.rs:11:11
   |
LL |     foo::<BAR + BAR>();
   |           ^^^^^^^^^

error[E0284]: type annotations needed
  --> $DIR/const-expression-suggest-missing-braces.rs:11:5
   |
LL |     foo::<BAR + BAR>();
   |     ^^^^^^^^^^^^^^^^ cannot infer the value of the const parameter `C` declared on the function `foo`
   |
note: required by a const generic parameter in `foo`
  --> $DIR/const-expression-suggest-missing-braces.rs:1:8
   |
LL | fn foo<const C: usize>() {}
   |        ^^^^^^^^^^^^^^ required by this const generic parameter in `foo`

error: aborting due to 15 previous errors

Some errors have detailed explanations: E0284, E0404, E0747.
For more information about an error, try `rustc --explain E0284`.
